// Jest Snapshot v1, https://goo.gl/fbAQLP

exports[`Page @render should render as expected 1`] = `<Route />`;
