// Jest Snapshot v1, https://goo.gl/fbAQLP

exports[`LandingPage @render should render as expected 1`] = `
<div>
  React Redux Boilerplate
</div>
`;
